// Jest Snapshot v1, https://goo.gl/fbAQLP

exports[`GroupButton component matches snapshot (set all props) 1`] = `
<button
  className="groupbtn foo active"
  onClick={[Function]}
>
  <Icon
    className="margin--right--half"
    size="xs"
  />
</button>
`;
