// Jest Snapshot v1, https://goo.gl/fbAQLP

exports[`GroupButton component matches snapshot (set all props) 1`] = `
<Wrapper>
  <button
    className="groupbtn groupbtn--active"
    value="Feed"
  >
    <Icon
      className="groupbtn-icon"
      size="xs"
    />
  </button>
</Wrapper>
`;
