// Jest Snapshot v1, https://goo.gl/fbAQLP

exports[`ButtonGroup component matches snapshot (default props) 1`] = `
<button
  className="fdsButton fontStyle--caps display--inlineFlex rounded--all alignChild--center--center fdsButton--m fdsButton--blue"
  label="Button"
>
  <span
    className=""
  />
</button>
`;

exports[`ButtonGroup component matches snapshot (set all props) 1`] = `
<Link
  className="fdsButton fontStyle--caps display--inlineFlex rounded--all alignChild--center--center fdsButton--m fdsButton--blue fdsButton--disabled"
  disabled={false}
  isActive={true}
  label="button"
>
  <span
    className=""
  />
  <div
    className="alignChild--center--center margin--left--half"
  >
    <Icon
      customSize={16}
    />
  </div>
</Link>
`;
